Container undersigned-chromadb Running 
 Container rule-passages Recreate 
 Container rule-passages Recreated 
Attaching to api-service, campaign-builder, data-collector, data-processor, frontend, rule-passages, undersigned-chromadb
 Container data-collector Starting 
 Container rule-passages Starting 
 Container data-collector Started 
 Container data-collector Waiting 
 Container rule-passages Started 
data-collector  | 2026-10-09 14:04:28,217 INFO keys=1 dockets=['EPA-HQ-OW-2018-0149'] max_records=50 skip_attachments=False
data-collector  | 2026-10-09 14:04:28,270 INFO [EPA-HQ-OW-2018-0149] index complete, 250 comments
data-collector  | 2026-10-09 14:04:28,303 INFO [EPA-HQ-OW-2018-0149] details: 176 of 250 already on disk, 74 to fetch
rule-passages   | 2026-10-09 14:04:29,312 INFO [EPA-HQ-OW-2018-0149] 4 documents on disk
rule-passages   | 2026-10-09 14:04:29,758 INFO [EPA-HQ-OW-2018-0149] 2019-00791: 538 chunks
rule-passages   | 2026-10-09 14:04:29,818 INFO [rule_passages] 538 chunks, 0 embedded this run, 0 pruned, 538 in the collection

rule-passages exited with code 0
data-collector  | 2026-10-09 14:04:48,324 INFO [EPA-HQ-OW-2018-0149] done: {'docket': 'EPA-HQ-OW-2018-0149', 'comments_indexed': 250, 'details_on_disk': 250, 'attachment_files': 34, 'attachments_downloaded_this_run': 34, 'attachments_failed': [], 'api_calls_this_run': 74, 'collected_at': '2026-10-09T14:04:48Z'}

data-collector exited with code 0
 Container data-collector Exited 
 Container data-processor Starting 
 Container data-processor Started 
 Container data-processor Waiting 
data-processor  | data-processor: stub, not implemented yet

data-processor exited with code 0
 Container data-processor Exited 
 Container campaign-builder Starting 
 Container campaign-builder Started 
 Container rule-passages Waiting 
 Container campaign-builder Waiting 
campaign-builder  | campaign-builder: stub, not implemented yet

campaign-builder exited with code 0
 Container rule-passages Exited 
 Container campaign-builder Exited 
 Container api-service Starting 
 Container api-service Started 
 Container frontend Starting 
 Container frontend Started 
frontend          | /docker-entrypoint.sh: /docker-entrypoint.d/ is not empty, will attempt to perform configuration
frontend          | /docker-entrypoint.sh: Looking for shell scripts in /docker-entrypoint.d/
frontend          | /docker-entrypoint.sh: Launching /docker-entrypoint.d/10-listen-on-ipv6-by-default.sh
frontend          | 10-listen-on-ipv6-by-default.sh: info: Getting the checksum of /etc/nginx/conf.d/default.conf
frontend          | 10-listen-on-ipv6-by-default.sh: info: Enabled listen on IPv6 in /etc/nginx/conf.d/default.conf
frontend          | /docker-entrypoint.sh: Sourcing /docker-entrypoint.d/15-local-resolvers.envsh
frontend          | /docker-entrypoint.sh: Launching /docker-entrypoint.d/20-envsubst-on-templates.sh
frontend          | /docker-entrypoint.sh: Launching /docker-entrypoint.d/30-tune-worker-processes.sh
frontend          | /docker-entrypoint.sh: Configuration complete; ready for start up
frontend          | 2026/10/09 14:04:50 [notice] 1#1: using the "epoll" event method
frontend          | 2026/10/09 14:04:50 [notice] 1#1: nginx/1.27.5
frontend          | 2026/10/09 14:04:50 [notice] 1#1: built by gcc 14.2.0 (Alpine 14.2.0) 
frontend          | 2026/10/09 14:04:50 [notice] 1#1: OS: Linux 7.0.12-linuxkit
frontend          | 2026/10/09 14:04:50 [notice] 1#1: getrlimit(RLIMIT_NOFILE): 1048576:1048576
frontend          | 2026/10/09 14:04:50 [notice] 1#1: start worker processes
frontend          | 2026/10/09 14:04:50 [notice] 1#1: start worker process 30
frontend          | 2026/10/09 14:04:50 [notice] 1#1: start worker process 31
frontend          | 2026/10/09 14:04:50 [notice] 1#1: start worker process 32
frontend          | 2026/10/09 14:04:50 [notice] 1#1: start worker process 33
frontend          | 2026/10/09 14:04:50 [notice] 1#1: start worker process 34
frontend          | 2026/10/09 14:04:50 [notice] 1#1: start worker process 35
frontend          | 2026/10/09 14:04:50 [notice] 1#1: start worker process 36
frontend          | 2026/10/09 14:04:50 [notice] 1#1: start worker process 37
frontend          | 2026/10/09 14:04:50 [notice] 1#1: start worker process 38
frontend          | 2026/10/09 14:04:50 [notice] 1#1: start worker process 39
frontend          | 2026/10/09 14:04:50 [notice] 1#1: start worker process 40
frontend          | 2026/10/09 14:04:50 [notice] 1#1: start worker process 41
api-service       | INFO:     Started server process [1]
api-service       | INFO:     Waiting for application startup.
api-service       | INFO:     Application startup complete.
api-service       | INFO:     Uvicorn running on http://0.0.0.0:8000 (Press CTRL+C to quit)
api-service       | INFO:     192.168.65.1:25001 - "GET /health HTTP/1.1" 200 OK
frontend          | 192.168.65.1 - - [09/Oct/2026:14:08:22 +0000] "HEAD / HTTP/1.1" 200 0 "-" "curl/8.7.1" "-"
